\BOOKMARK [1][-]{section.1}{\376\377\000A\000b\000s\000t\000r\000a\000c\000t}{}% 1
\BOOKMARK [1][-]{section.2}{\376\377\000I\000n\000s\000t\000a\000l\000l\000a\000t\000i\000o\000n\000\040\000a\000n\000d\000\040\000U\000s\000e\000r\000\040\000M\000a\000n\000u\000a\000l}{}% 2
\BOOKMARK [1][-]{section.3}{\376\377\000V\000e\000r\000i\000f\000i\000c\000a\000t\000i\000o\000n\000\040\000a\000n\000d\000\040\000V\000a\000l\000i\000d\000a\000t\000i\000o\000n}{}% 3
\BOOKMARK [2][-]{subsection.3.1}{\376\377\000R\000e\000s\000u\000l\000t\000s\000\040\000S\000u\000m\000m\000a\000r\000y}{section.3}% 4
\BOOKMARK [1][-]{section.4}{\376\377\000C\000o\000n\000c\000l\000u\000s\000i\000o\000n}{}% 5
\BOOKMARK [1][-]{appendix.A}{\376\377\000D\000e\000t\000a\000i\000l\000e\000d\000\040\000r\000e\000s\000u\000l\000t\000s}{}% 6
\BOOKMARK [2][-]{subsection.A.1}{\376\377\000F\000u\000n\000c\000t\000i\000o\000n\000a\000l\000\040\000t\000e\000s\000t\000s}{appendix.A}% 7
\BOOKMARK [3][-]{subsubsection.A.1.1}{\376\377\0007\000.\0002\000.\0001\000.\0001\000\040\000N\000e\000u\000t\000r\000o\000n\000/\000P\000h\000o\000t\000o\000n\000\040\000f\000l\000u\000x}{subsection.A.1}% 8
\BOOKMARK [3][-]{subsubsection.A.1.2}{\376\377\0007\000.\0002\000.\0001\000.\0002\000.\0001\000\040\000N\000u\000c\000l\000e\000a\000r\000\040\000h\000e\000a\000t}{subsection.A.1}% 9
\BOOKMARK [3][-]{subsubsection.A.1.3}{\376\377\0007\000.\0002\000.\0001\000.\0002\000.\0002\000\040\000T\000r\000i\000t\000i\000u\000m\000\040\000P\000r\000o\000d\000u\000c\000t\000i\000o\000n\000\040\000R\000a\000t\000e}{subsection.A.1}% 10
\BOOKMARK [3][-]{subsubsection.A.1.4}{\376\377\0007\000.\0002\000.\0001\000.\0002\000.\0003\000\040\000D\000o\000s\000e}{subsection.A.1}% 11
\BOOKMARK [3][-]{subsubsection.A.1.5}{\376\377\0007\000.\0002\000.\0001\000.\0002\000.\0004\000\040\000H\000e\000l\000i\000u\000m\000\040\000p\000r\000o\000d\000u\000c\000t\000i\000o\000n\000\040\000r\000a\000t\000e}{subsection.A.1}% 12
\BOOKMARK [3][-]{subsubsection.A.1.6}{\376\377\0007\000.\0002\000.\0001\000.\0002\000.\0005\000\040\000D\000P\000A}{subsection.A.1}% 13
\BOOKMARK [2][-]{subsection.A.2}{\376\377\000F\000u\000n\000d\000a\000m\000e\000n\000t\000a\000l\000\040\000t\000e\000s\000t\000s}{appendix.A}% 14
\BOOKMARK [3][-]{subsubsection.A.2.1}{\376\377\0007\000.\0002\000.\0002\000.\0001\000\040\000T\000e\000s\000t\000\040\000o\000f\000\040\000s\000t\000a\000t\000i\000s\000t\000i\000c\000a\000l\000\040\000e\000r\000r\000o\000r}{subsection.A.2}% 15
\BOOKMARK [3][-]{subsubsection.A.2.2}{\376\377\0007\000.\0002\000.\0002\000.\0002\000\040\000T\000e\000s\000t\000\040\000o\000f\000\040\000s\000t\000a\000t\000i\000s\000t\000i\000c\000a\000l\000\040\000e\000r\000r\000o\000r\000\040\000w\000i\000t\000h\000\040\000w\000e\000i\000g\000h\000t\000\040\000w\000i\000n\000d\000o\000w}{subsection.A.2}% 16
\BOOKMARK [3][-]{subsubsection.A.2.3}{\376\377\0007\000.\0002\000.\0002\000.\0003\000\040\000T\000e\000s\000t\000\040\000o\000f\000\040\000r\000a\000n\000d\000o\000m\000\040\000n\000u\000m\000b\000e\000r\000\040\000g\000e\000n\000e\000r\000a\000t\000o\000r}{subsection.A.2}% 17
\BOOKMARK [3][-]{subsubsection.A.2.4}{\376\377\0007\000.\0002\000.\0002\000.\0004\000\040\000T\000e\000s\000t\000\040\000o\000f\000\040\000s\000o\000u\000r\000c\000e\000\040\000s\000a\000m\000p\000l\000i\000n\000g}{subsection.A.2}% 18
\BOOKMARK [3][-]{subsubsection.A.2.5}{\376\377\0007\000.\0002\000.\0002\000.\0005\000\040\000T\000e\000s\000t\000\040\000o\000f\000\040\000c\000o\000n\000s\000e\000r\000v\000a\000t\000i\000o\000n\000\040\000o\000f\000\040\000e\000n\000e\000r\000g\000y\000\040\000f\000o\000r\000\040\000n\000u\000c\000l\000e\000a\000r\000\040\000r\000e\000a\000c\000t\000i\000o\000n}{subsection.A.2}% 19
\BOOKMARK [1][-]{appendix.B}{\376\377\000Q\000u\000i\000c\000k\000\040\000I\000n\000s\000t\000a\000l\000l\000\040\000G\000u\000i\000d\000e}{}% 20
\BOOKMARK [1][-]{appendix.C}{\376\377\000W\000h\000a\000t\000'\000s\000\040\000N\000e\000w\000\040\000i\000n\000\040\0000\000.\0001\0005\000.\0003}{}% 21
\BOOKMARK [1][-]{appendix.D}{\376\377\000P\000u\000b\000l\000i\000c\000a\000t\000i\000o\000n\000s}{}% 22
\BOOKMARK [2][-]{subsection.D.1}{\376\377\000O\000v\000e\000r\000v\000i\000e\000w\000s}{appendix.D}% 23
\BOOKMARK [2][-]{subsection.D.2}{\376\377\000B\000e\000n\000c\000h\000m\000a\000r\000k\000i\000n\000g}{appendix.D}% 24
\BOOKMARK [2][-]{subsection.D.3}{\376\377\000C\000o\000u\000p\000l\000i\000n\000g\000\040\000a\000n\000d\000\040\000M\000u\000l\000t\000i\000-\000p\000h\000y\000s\000i\000c\000s}{appendix.D}% 25
\BOOKMARK [2][-]{subsection.D.4}{\376\377\000G\000e\000o\000m\000e\000t\000r\000y\000\040\000a\000n\000d\000\040\000V\000i\000s\000u\000a\000l\000i\000z\000a\000t\000i\000o\000n}{appendix.D}% 26
\BOOKMARK [2][-]{subsection.D.5}{\376\377\000M\000i\000s\000c\000e\000l\000l\000a\000n\000e\000o\000u\000s}{appendix.D}% 27
\BOOKMARK [2][-]{subsection.D.6}{\376\377\000M\000u\000l\000t\000i\000g\000r\000o\000u\000p\000\040\000C\000r\000o\000s\000s\000\040\000S\000e\000c\000t\000i\000o\000n\000\040\000G\000e\000n\000e\000r\000a\000t\000i\000o\000n}{appendix.D}% 28
\BOOKMARK [2][-]{subsection.D.7}{\376\377\000D\000o\000p\000p\000l\000e\000r\000\040\000B\000r\000o\000a\000d\000e\000n\000i\000n\000g}{appendix.D}% 29
\BOOKMARK [2][-]{subsection.D.8}{\376\377\000N\000u\000c\000l\000e\000a\000r\000\040\000D\000a\000t\000a}{appendix.D}% 30
\BOOKMARK [2][-]{subsection.D.9}{\376\377\000P\000a\000r\000a\000l\000l\000e\000l\000i\000s\000m}{appendix.D}% 31
\BOOKMARK [2][-]{subsection.D.10}{\376\377\000D\000e\000p\000l\000e\000t\000i\000o\000n}{appendix.D}% 32
\BOOKMARK [2][-]{subsection.D.11}{\376\377\000S\000e\000n\000s\000i\000t\000i\000v\000i\000t\000y\000\040\000A\000n\000a\000l\000y\000s\000i\000s}{appendix.D}% 33
